API connection failed: ConnectionRefusedError(111, "Connect call failed ('127.0.0.1', 4001)")
Make sure API port on TWS/IBG is open
[IB] No se pudo conectar al gateway en puerto 4001: [Errno 111] Connect call failed ('127.0.0.1', 4001)
[yfinance] Datos descargados (fallback).
Sin box, aborto.
[IB] Datos descargados desde IB Gateway.
Box 2026-07-20: techo 1.14451 piso 1.14264 rango 18.7p operable=True
Barras cargadas: 150 (02:00–04:30 Lima)
Dirección: BUY
  Entry 1.14453 | SL 1.14264 | TP 1.14738
  Salida: ABIERTA_11H | R: -0.6096002785071248
    • ENTRY @ 02:30 (1.14495)
Guardado en logger (tabla paper).
[NOTIF] Mensaje enviado.
[IB] Datos descargados desde IB Gateway.
Box 2026-07-21: techo 1.14240 piso 1.14091 rango 14.9p operable=False
⚠️ Fuera de rango 15-40 pips → NO OPERABLE. Paper trade omitido.
[NOTIF] Mensaje enviado.
[IB] Datos descargados desde IB Gateway.
Box 2026-07-22: techo 1.14138 piso 1.13987 rango 15.0p operable=True
Barras cargadas: 150 (02:00–04:30 Lima)
Dirección: BUY
  Entry 1.14139 | SL 1.13987 | TP 1.14367
  Salida: ABIERTA_11H | R: -0.153499854238372
    • ENTRY @ 02:00 (1.14142)
Guardado en logger (tabla paper).
[NOTIF] Mensaje enviado.
[IB] Datos descargados desde IB Gateway.
Box 2026-07-23: techo 1.14356 piso 1.14105 rango 25.2p operable=True
Barras cargadas: 150 (02:00–04:30 Lima)
Dirección: SIN_RUPTURA
  Salida: None | R: None
Guardado en logger (tabla paper).
[NOTIF] Mensaje enviado.
[IB] Datos descargados desde IB Gateway.
Box 2026-07-24: techo 1.13881 piso 1.13752 rango 12.9p operable=False
⚠️ Fuera de rango 15-40 pips → NO OPERABLE. Paper trade omitido.
[NOTIF] Mensaje enviado.
[IB] Datos descargados desde IB Gateway.
Box 2026-07-30: techo 1.14681 piso 1.14433 rango 24.9p operable=True
Barras cargadas: 150 (02:00–04:30 Lima)
Dirección: SELL
  Entry 1.14431 | SL 1.14681 | TP 1.14054
  Salida: ABIERTA_11H | R: -0.9372378041545033
    • ENTRY @ 02:26 (1.14416)
Guardado en logger (tabla paper).
[NOTIF] Mensaje enviado.
[IB] Datos descargados desde IB Gateway.
Box 2026-07-31: techo 1.15265 piso 1.15045 rango 22.1p operable=True
Barras cargadas: 150 (02:00–04:30 Lima)
Dirección: BUY
  Entry 1.15267 | SL 1.15045 | TP 1.15601
  Salida: ABIERTA_11H | R: -0.6279102282577432
    • ENTRY @ 02:48 (1.15274)
Guardado en logger (tabla paper).
[NOTIF] Mensaje enviado.
[IB] Datos descargados desde IB Gateway.
Sin box, aborto.
[IB] Datos descargados desde IB Gateway.
Sin box, aborto.
[IB] Datos descargados desde IB Gateway.
Box 2026-08-03: techo 1.15562 piso 1.15237 rango 32.4p operable=True
Barras cargadas: 150 (02:00–04:30 Lima)
Dirección: SELL
  Entry 1.15236 | SL 1.15562 | TP 1.14746
  Salida: ABIERTA_11H | R: -0.11740389630837701
    • ENTRY @ 04:08 (1.15234)
Guardado en logger (tabla paper).
[NOTIF] Mensaje enviado.
[IB] Datos descargados desde IB Gateway.
Box 2026-08-04: techo 1.15151 piso 1.15023 rango 12.8p operable=False
⚠️ Fuera de rango 15-40 pips → NO OPERABLE. Paper trade omitido.
[NOTIF] Mensaje enviado.
[IB] Datos descargados desde IB Gateway.
Box 2026-08-05: techo 1.15458 piso 1.15267 rango 19.1p operable=True
Barras cargadas: 150 (02:00–04:30 Lima)
Dirección: BUY
  Entry 1.15460 | SL 1.15267 | TP 1.15750
  Salida: ABIERTA_11H | R: -0.14013205414602917
    • ENTRY @ 02:00 (1.15487)
Guardado en logger (tabla paper).
[NOTIF] Mensaje enviado.
[IB] Datos descargados desde IB Gateway.
Box 2026-08-06: techo 1.15597 piso 1.15431 rango 16.7p operable=True
Barras cargadas: 150 (02:00–04:30 Lima)
Dirección: SIN_RUPTURA
  Salida: None | R: None
Guardado en logger (tabla paper).
[NOTIF] Mensaje enviado.
[IB] Datos descargados desde IB Gateway.
Box 2026-08-07: techo 1.15257 piso 1.15182 rango 7.5p operable=False
⚠️ Fuera de rango 15-40 pips → NO OPERABLE. Paper trade omitido.
[NOTIF] Mensaje enviado.
[IB] Datos descargados desde IB Gateway.
Sin box, aborto.
[IB] Datos descargados desde IB Gateway.
Sin box, aborto.
[IB] Datos descargados desde IB Gateway.
Box 2026-08-10: techo 1.15592 piso 1.15481 rango 11.1p operable=False
⚠️ Fuera de rango 15-40 pips → NO OPERABLE. Paper trade omitido.
[NOTIF] Mensaje enviado.
[IB] Datos descargados desde IB Gateway.
Box 2026-08-11: techo 1.15498 piso 1.15330 rango 16.8p operable=True
Barras cargadas: 150 (02:00–04:30 Lima)
Dirección: SIN_RUPTURA
  Salida: None | R: None
Guardado en logger (tabla paper).
[NOTIF] Mensaje enviado.
[IB] Datos descargados desde IB Gateway.
Box 2026-08-12: techo 1.15447 piso 1.15322 rango 12.5p operable=False
⚠️ Fuera de rango 15-40 pips → NO OPERABLE. Paper trade omitido.
[NOTIF] Mensaje enviado.
[IB] Datos descargados desde IB Gateway.
Box 2026-08-13: techo 1.15314 piso 1.15118 rango 19.5p operable=True
Barras cargadas: 150 (02:00–04:30 Lima)
Dirección: BUY
  Entry 1.15315 | SL 1.15118 | TP 1.15611
  Salida: ABIERTA_11H | R: 0.12566848212695714
    • ENTRY @ 04:19 (1.15327)
Guardado en logger (tabla paper).
[NOTIF] Mensaje enviado.
[IB] Datos descargados desde IB Gateway.
Box 2026-08-14: techo 1.15453 piso 1.15322 rango 13.1p operable=False
⚠️ Fuera de rango 15-40 pips → NO OPERABLE. Paper trade omitido.
[NOTIF] Mensaje enviado.
[IB] Datos descargados desde IB Gateway.
Sin box, aborto.
[IB] Datos descargados desde IB Gateway.
Sin box, aborto.
[IB] Datos descargados desde IB Gateway.
Box 2026-08-17: techo 1.15968 piso 1.15738 rango 23.1p operable=True
Barras cargadas: 150 (02:00–04:30 Lima)
Dirección: BUY
  Entry 1.15970 | SL 1.15738 | TP 1.16319
  Salida: ABIERTA_11H | R: 0.3426717122396167
    • ENTRY @ 02:00 (1.15996)
Guardado en logger (tabla paper).
[NOTIF] Mensaje enviado.
